// Jest Snapshot v1, https://goo.gl/fbAQLP

exports[`queryComplexityPlugin printing the query complexity schema: Full Type Output 1`] = `
"/**
 * This file was generated by Nexus Schema
 * Do not make changes to this file directly
 */


import { QueryComplexity } from \\"@nexus/schema/dist/plugins/queryComplexityPlugin\\"




declare global {
  interface NexusGen extends NexusGenTypes {}
}

export interface NexusGenInputs {
}

export interface NexusGenEnums {
}

export interface NexusGenScalars {
  String: string
  Int: number
  Float: number
  Boolean: boolean
  ID: string
}

export interface NexusGenObjects {
  Query: {};
}

export interface NexusGenInterfaces {
}

export interface NexusGenUnions {
}

export type NexusGenRootTypes = NexusGenObjects

export type NexusGenAllTypes = NexusGenRootTypes & NexusGenScalars

export interface NexusGenFieldTypes {
  Query: { // field return type
    ok: boolean | null; // Boolean
  }
}

export interface NexusGenFieldTypeNames {
  Query: { // field return type name
    ok: 'Boolean'
  }
}

export interface NexusGenArgTypes {
}

export interface NexusGenAbstractTypeMembers {
}

export interface NexusGenInheritedFields {}

export type NexusGenObjectNames = keyof NexusGenObjects;

export type NexusGenInputNames = never;

export type NexusGenEnumNames = never;

export type NexusGenInterfaceNames = never;

export type NexusGenScalarNames = keyof NexusGenScalars;

export type NexusGenUnionNames = never;

export type NexusGenObjectsUsingAbstractStrategyIsTypeOf = never;

export type NexusGenAbstractsUsingStrategyResolveType = never;

export type NexusGenFeaturesConfig = {
  abstractTypeStrategies: {
    isTypeOf: true
    resolveType: false
    __typename: false
  }
}

export interface NexusGenTypes {
  context: any;
  inputTypes: NexusGenInputs;
  rootTypes: NexusGenRootTypes;
  argTypes: NexusGenArgTypes;
  fieldTypes: NexusGenFieldTypes;
  fieldTypeNames: NexusGenFieldTypeNames;
  allTypes: NexusGenAllTypes;
  inheritedFields: NexusGenInheritedFields;
  objectNames: NexusGenObjectNames;
  inputNames: NexusGenInputNames;
  enumNames: NexusGenEnumNames;
  interfaceNames: NexusGenInterfaceNames;
  scalarNames: NexusGenScalarNames;
  unionNames: NexusGenUnionNames;
  allInputTypes: NexusGenTypes['inputNames'] | NexusGenTypes['enumNames'] | NexusGenTypes['scalarNames'];
  allOutputTypes: NexusGenTypes['objectNames'] | NexusGenTypes['enumNames'] | NexusGenTypes['unionNames'] | NexusGenTypes['interfaceNames'] | NexusGenTypes['scalarNames'];
  allNamedTypes: NexusGenTypes['allInputTypes'] | NexusGenTypes['allOutputTypes']
  abstractTypes: NexusGenTypes['interfaceNames'] | NexusGenTypes['unionNames'];
  abstractTypeMembers: NexusGenAbstractTypeMembers;
  objectsUsingAbstractStrategyIsTypeOf: NexusGenObjectsUsingAbstractStrategyIsTypeOf;
  abstractsUsingStrategyResolveType: NexusGenAbstractsUsingStrategyResolveType;
  features: NexusGenFeaturesConfig;
}


declare global {
  interface NexusGenPluginTypeConfig<TypeName extends string> {
  }
  interface NexusGenPluginFieldConfig<TypeName extends string, FieldName extends string> {
    /**
     * The complexity for an individual field. Return a number
     * or a function that returns a number to specify the
     * complexity for this field.
     */
    complexity?: QueryComplexity<TypeName, FieldName>
  }
  interface NexusGenPluginSchemaConfig {
  }
}"
`;

exports[`queryComplexityPlugin throws error if complexity is of invalid type 1`] = `
Array [
  [Error: The complexity property provided to User.id should be a number or a function that returns a number, saw string],
]
`;
