// Jest Snapshot v1, https://goo.gl/fbAQLP

exports[`interfaceType deduplicates interfaces implementing interfaces 1`] = `
"### This file was generated by Nexus Schema
### Do not make changes to this file directly


interface Node {
  id: ID
}

interface Node2 implements Node {
  id: ID
  id2: ID
}

type Foo implements Node2 & Node {
  id: ID
  id2: ID
}

type Query {
  ok: Boolean!
}
"
`;
