// Jest Snapshot v1, https://goo.gl/fbAQLP

exports[`backingTypes can match backing types for const enums 1`] = `
"export interface NexusGenEnums {
  B: t.B
}"
`;

exports[`backingTypes can match backing types to regular enums 1`] = `
"export interface NexusGenEnums {
  A: t.A
}"
`;

exports[`rootTypings can import enum via rootTyping 1`] = `
"/**
 * This file was generated by Nexus Schema
 * Do not make changes to this file directly
 */


import { TestEnum } from \\"./tests/backingTypes.spec\\"




declare global {
  interface NexusGen extends NexusGenTypes {}
}

export interface NexusGenInputs {
}

export interface NexusGenEnums {
  TestEnumType: TestEnum
}

export interface NexusGenScalars {
  String: string
  Int: number
  Float: number
  Boolean: boolean
  ID: string
}

export interface NexusGenRootTypes {
  Query: {};
}

export interface NexusGenAllTypes extends NexusGenRootTypes {
  TestEnumType: NexusGenEnums['TestEnumType'];
  String: NexusGenScalars['String'];
  Int: NexusGenScalars['Int'];
  Float: NexusGenScalars['Float'];
  Boolean: NexusGenScalars['Boolean'];
  ID: NexusGenScalars['ID'];
}

export interface NexusGenFieldTypes {
  Query: { // field return type
    ok: boolean; // Boolean!
  }
}

export interface NexusGenArgTypes {
}

export interface NexusGenAbstractResolveReturnTypes {
}

export interface NexusGenInheritedFields {}

export type NexusGenObjectNames = \\"Query\\";

export type NexusGenInputNames = never;

export type NexusGenEnumNames = \\"TestEnumType\\";

export type NexusGenInterfaceNames = never;

export type NexusGenScalarNames = \\"Boolean\\" | \\"Float\\" | \\"ID\\" | \\"Int\\" | \\"String\\";

export type NexusGenUnionNames = never;

export interface NexusGenTypes {
  context: any;
  inputTypes: NexusGenInputs;
  rootTypes: NexusGenRootTypes;
  argTypes: NexusGenArgTypes;
  fieldTypes: NexusGenFieldTypes;
  allTypes: NexusGenAllTypes;
  inheritedFields: NexusGenInheritedFields;
  objectNames: NexusGenObjectNames;
  inputNames: NexusGenInputNames;
  enumNames: NexusGenEnumNames;
  interfaceNames: NexusGenInterfaceNames;
  scalarNames: NexusGenScalarNames;
  unionNames: NexusGenUnionNames;
  allInputTypes: NexusGenTypes['inputNames'] | NexusGenTypes['enumNames'] | NexusGenTypes['scalarNames'];
  allOutputTypes: NexusGenTypes['objectNames'] | NexusGenTypes['enumNames'] | NexusGenTypes['unionNames'] | NexusGenTypes['interfaceNames'] | NexusGenTypes['scalarNames'];
  allNamedTypes: NexusGenTypes['allInputTypes'] | NexusGenTypes['allOutputTypes']
  abstractTypes: NexusGenTypes['interfaceNames'] | NexusGenTypes['unionNames'];
  abstractResolveReturn: NexusGenAbstractResolveReturnTypes;
}


declare global {
  interface NexusGenPluginTypeConfig<TypeName extends string> {
  }
  interface NexusGenPluginFieldConfig<TypeName extends string, FieldName extends string> {
  }
  interface NexusGenPluginSchemaConfig {
  }
}"
`;
