// Jest Snapshot v1, https://goo.gl/fbAQLP

exports[`makeSchema shouldExitAfterGenerateArtifacts accepts a customPrintSchemaFn 1`] = `
"### This file was generated by Nexus Schema
### Do not make changes to this file directly


type Query {
  # Example boolean field
  ok: Boolean
}
"
`;
