// Jest Snapshot v1, https://goo.gl/fbAQLP

exports[`objectType builds creates an object type 1`] = `
Object {
  "data": Object {
    "user": Object {
      "floatField": 123.4,
      "id": "User:1",
      "name": "Test User",
    },
  },
}
`;
